// Jest Snapshot v1, https://goo.gl/fbAQLP

exports[`App component renders by default 1`] = `
<ContextConsumer>
  <Component />
</ContextConsumer>
`;
